// Jest Snapshot v1, https://goo.gl/fbAQLP

exports[`<UploadBlock /> matches the snapshot 1`] = `
<div
  className="catalog-settings-content__upload-block"
>
  <UploadLinkBlock
    file=""
    fileUrl=""
    flags={Object {}}
    inputHandler={[Function]}
  />
</div>
`;
