// Jest Snapshot v1, https://goo.gl/fbAQLP

exports[`<TextArea /> matches the snapshot 1`] = `
<textarea
  className="catalog-settings-content__textarea"
  onBlur={[Function]}
  onChange={[Function]}
  type="text"
  value="test"
/>
`;
