// Jest Snapshot v1, https://goo.gl/fbAQLP

exports[`<Switch /> matches the snapshot 1`] = `
<label
  className="catalog-settings-content__switch-label"
>
  <input
    checked={true}
    className="catalog-settings-content__switch-input"
    onChange={[Function]}
    type="checkbox"
  />
  <span
    className="catalog-settings-content__switch-text"
  >
    On
  </span>
</label>
`;
