// Jest Snapshot v1, https://goo.gl/fbAQLP

exports[`<Hint /> matches the snapshot 1`] = `
<div
  className="catalog-settings-content__hint"
/>
`;
