// Jest Snapshot v1, https://goo.gl/fbAQLP

exports[`<DisabledLinkInput /> matches the snapshot 1`] = `
<div
  className="catalog-settings-content__link-input w-100 catalog-settings-content__link-input_disabled position-relative"
  onMouseEnter={[Function]}
  onMouseLeave={[Function]}
>
  <div
    className="d-flex justify-content-center"
  >
    <ToolTip
      isShow={false}
      text="Remove uploaded file to add link to CSV source file"
    />
  </div>
  http://mysite.com/patch/to/CSV/source.csv
</div>
`;
