// Jest Snapshot v1, https://goo.gl/fbAQLP

exports[`<ToolTip /> matches the snapshot 1`] = `""`;
